Archive member included to satisfy reference by file (symbol)

c:/program files (x86)/atmel/studio/7.0/toolchain/avr8/avr8-gnu-toolchain/bin/../lib/gcc/avr/5.4.0/avr5\libgcc.a(_exit.o)
                              C:/Program Files (x86)/Atmel/Studio/7.0/Packs/atmel/ATmega_DFP/1.7.374/gcc/dev/atmega32a/avr5/crtatmega32a.o (exit)
c:/program files (x86)/atmel/studio/7.0/toolchain/avr8/avr8-gnu-toolchain/bin/../lib/gcc/avr/5.4.0/avr5\libgcc.a(_clear_bss.o)
                              APPLICATION/APPLICATION_PROG.o (__do_clear_bss)

Allocating common symbols
Common symbol       size              file

ovf                 0x1               APPLICATION/APPLICATION_PROG.o

Discarded input sections

 .data          0x00000000        0x0 C:/Program Files (x86)/Atmel/Studio/7.0/Packs/atmel/ATmega_DFP/1.7.374/gcc/dev/atmega32a/avr5/crtatmega32a.o
 .bss           0x00000000        0x0 C:/Program Files (x86)/Atmel/Studio/7.0/Packs/atmel/ATmega_DFP/1.7.374/gcc/dev/atmega32a/avr5/crtatmega32a.o
 .text          0x00000000        0x0 APPLICATION/APPLICATION_PROG.o
 .data          0x00000000        0x0 APPLICATION/APPLICATION_PROG.o
 .bss           0x00000000        0x0 APPLICATION/APPLICATION_PROG.o
 .text          0x00000000        0x0 ECUAL/LED/LED_PROG.o
 .data          0x00000000        0x0 ECUAL/LED/LED_PROG.o
 .bss           0x00000000        0x0 ECUAL/LED/LED_PROG.o
 .text          0x00000000        0x0 ECUAL/PUSH BUTTON/PUSHBUTTON_PROG.o
 .data          0x00000000        0x0 ECUAL/PUSH BUTTON/PUSHBUTTON_PROG.o
 .bss           0x00000000        0x0 ECUAL/PUSH BUTTON/PUSHBUTTON_PROG.o
 .text.BUTTON_read
                0x00000000       0x12 ECUAL/PUSH BUTTON/PUSHBUTTON_PROG.o
 .text          0x00000000        0x0 main.o
 .data          0x00000000        0x0 main.o
 .bss           0x00000000        0x0 main.o
 .text          0x00000000        0x0 MCAL/DIO/DIO_PROG.o
 .data          0x00000000        0x0 MCAL/DIO/DIO_PROG.o
 .bss           0x00000000        0x0 MCAL/DIO/DIO_PROG.o
 .text.DIO_GET_PIN_VALUE
                0x00000000       0x7c MCAL/DIO/DIO_PROG.o
 .text.DIO_ActevatePullUp
                0x00000000       0x68 MCAL/DIO/DIO_PROG.o
 .text          0x00000000        0x0 MCAL/EXT_INTERRUPT/EXT_INT.o
 .data          0x00000000        0x0 MCAL/EXT_INTERRUPT/EXT_INT.o
 .bss           0x00000000        0x0 MCAL/EXT_INTERRUPT/EXT_INT.o
 .text.EXTI_diasble
                0x00000000       0x24 MCAL/EXT_INTERRUPT/EXT_INT.o
 .text          0x00000000        0x0 MCAL/TIMERS/TIMERS_PROG.o
 .data          0x00000000        0x0 MCAL/TIMERS/TIMERS_PROG.o
 .bss           0x00000000        0x0 MCAL/TIMERS/TIMERS_PROG.o
 .text          0x00000000        0x0 c:/program files (x86)/atmel/studio/7.0/toolchain/avr8/avr8-gnu-toolchain/bin/../lib/gcc/avr/5.4.0/avr5\libgcc.a(_exit.o)
 .data          0x00000000        0x0 c:/program files (x86)/atmel/studio/7.0/toolchain/avr8/avr8-gnu-toolchain/bin/../lib/gcc/avr/5.4.0/avr5\libgcc.a(_exit.o)
 .bss           0x00000000        0x0 c:/program files (x86)/atmel/studio/7.0/toolchain/avr8/avr8-gnu-toolchain/bin/../lib/gcc/avr/5.4.0/avr5\libgcc.a(_exit.o)
 .text.libgcc.mul
                0x00000000        0x0 c:/program files (x86)/atmel/studio/7.0/toolchain/avr8/avr8-gnu-toolchain/bin/../lib/gcc/avr/5.4.0/avr5\libgcc.a(_exit.o)
 .text.libgcc.div
                0x00000000        0x0 c:/program files (x86)/atmel/studio/7.0/toolchain/avr8/avr8-gnu-toolchain/bin/../lib/gcc/avr/5.4.0/avr5\libgcc.a(_exit.o)
 .text.libgcc   0x00000000        0x0 c:/program files (x86)/atmel/studio/7.0/toolchain/avr8/avr8-gnu-toolchain/bin/../lib/gcc/avr/5.4.0/avr5\libgcc.a(_exit.o)
 .text.libgcc.prologue
                0x00000000        0x0 c:/program files (x86)/atmel/studio/7.0/toolchain/avr8/avr8-gnu-toolchain/bin/../lib/gcc/avr/5.4.0/avr5\libgcc.a(_exit.o)
 .text.libgcc.builtins
                0x00000000        0x0 c:/program files (x86)/atmel/studio/7.0/toolchain/avr8/avr8-gnu-toolchain/bin/../lib/gcc/avr/5.4.0/avr5\libgcc.a(_exit.o)
 .text.libgcc.fmul
                0x00000000        0x0 c:/program files (x86)/atmel/studio/7.0/toolchain/avr8/avr8-gnu-toolchain/bin/../lib/gcc/avr/5.4.0/avr5\libgcc.a(_exit.o)
 .text.libgcc.fixed
                0x00000000        0x0 c:/program files (x86)/atmel/studio/7.0/toolchain/avr8/avr8-gnu-toolchain/bin/../lib/gcc/avr/5.4.0/avr5\libgcc.a(_exit.o)
 .text          0x00000000        0x0 c:/program files (x86)/atmel/studio/7.0/toolchain/avr8/avr8-gnu-toolchain/bin/../lib/gcc/avr/5.4.0/avr5\libgcc.a(_clear_bss.o)
 .data          0x00000000        0x0 c:/program files (x86)/atmel/studio/7.0/toolchain/avr8/avr8-gnu-toolchain/bin/../lib/gcc/avr/5.4.0/avr5\libgcc.a(_clear_bss.o)
 .bss           0x00000000        0x0 c:/program files (x86)/atmel/studio/7.0/toolchain/avr8/avr8-gnu-toolchain/bin/../lib/gcc/avr/5.4.0/avr5\libgcc.a(_clear_bss.o)
 .text.libgcc.mul
                0x00000000        0x0 c:/program files (x86)/atmel/studio/7.0/toolchain/avr8/avr8-gnu-toolchain/bin/../lib/gcc/avr/5.4.0/avr5\libgcc.a(_clear_bss.o)
 .text.libgcc.div
                0x00000000        0x0 c:/program files (x86)/atmel/studio/7.0/toolchain/avr8/avr8-gnu-toolchain/bin/../lib/gcc/avr/5.4.0/avr5\libgcc.a(_clear_bss.o)
 .text.libgcc   0x00000000        0x0 c:/program files (x86)/atmel/studio/7.0/toolchain/avr8/avr8-gnu-toolchain/bin/../lib/gcc/avr/5.4.0/avr5\libgcc.a(_clear_bss.o)
 .text.libgcc.prologue
                0x00000000        0x0 c:/program files (x86)/atmel/studio/7.0/toolchain/avr8/avr8-gnu-toolchain/bin/../lib/gcc/avr/5.4.0/avr5\libgcc.a(_clear_bss.o)
 .text.libgcc.builtins
                0x00000000        0x0 c:/program files (x86)/atmel/studio/7.0/toolchain/avr8/avr8-gnu-toolchain/bin/../lib/gcc/avr/5.4.0/avr5\libgcc.a(_clear_bss.o)
 .text.libgcc.fmul
                0x00000000        0x0 c:/program files (x86)/atmel/studio/7.0/toolchain/avr8/avr8-gnu-toolchain/bin/../lib/gcc/avr/5.4.0/avr5\libgcc.a(_clear_bss.o)
 .text.libgcc.fixed
                0x00000000        0x0 c:/program files (x86)/atmel/studio/7.0/toolchain/avr8/avr8-gnu-toolchain/bin/../lib/gcc/avr/5.4.0/avr5\libgcc.a(_clear_bss.o)

Memory Configuration

Name             Origin             Length             Attributes
text             0x00000000         0x00008000         xr
data             0x00800060         0x00000800         rw !x
eeprom           0x00810000         0x00000400         rw !x
fuse             0x00820000         0x00000002         rw !x
lock             0x00830000         0x00000400         rw !x
signature        0x00840000         0x00000400         rw !x
user_signatures  0x00850000         0x00000400         rw !x
*default*        0x00000000         0xffffffff

Linker script and memory map

LOAD C:/Program Files (x86)/Atmel/Studio/7.0/Packs/atmel/ATmega_DFP/1.7.374/gcc/dev/atmega32a/avr5/crtatmega32a.o
LOAD APPLICATION/APPLICATION_PROG.o
LOAD ECUAL/LED/LED_PROG.o
LOAD ECUAL/PUSH BUTTON/PUSHBUTTON_PROG.o
LOAD main.o
LOAD MCAL/DIO/DIO_PROG.o
LOAD MCAL/EXT_INTERRUPT/EXT_INT.o
LOAD MCAL/TIMERS/TIMERS_PROG.o
START GROUP
LOAD c:/program files (x86)/atmel/studio/7.0/toolchain/avr8/avr8-gnu-toolchain/bin/../lib/gcc/avr/5.4.0/../../../../avr/lib/avr5\libm.a
END GROUP
START GROUP
LOAD c:/program files (x86)/atmel/studio/7.0/toolchain/avr8/avr8-gnu-toolchain/bin/../lib/gcc/avr/5.4.0/avr5\libgcc.a
LOAD c:/program files (x86)/atmel/studio/7.0/toolchain/avr8/avr8-gnu-toolchain/bin/../lib/gcc/avr/5.4.0/../../../../avr/lib/avr5\libm.a
LOAD c:/program files (x86)/atmel/studio/7.0/toolchain/avr8/avr8-gnu-toolchain/bin/../lib/gcc/avr/5.4.0/../../../../avr/lib/avr5\libc.a
LOAD C:/Program Files (x86)/Atmel/Studio/7.0/Packs/atmel/ATmega_DFP/1.7.374/gcc/dev/atmega32a/avr5\libatmega32a.a
END GROUP
                [0x00000000]                __TEXT_REGION_ORIGIN__ = DEFINED (__TEXT_REGION_ORIGIN__)?__TEXT_REGION_ORIGIN__:0x0
                [0x00800060]                __DATA_REGION_ORIGIN__ = DEFINED (__DATA_REGION_ORIGIN__)?__DATA_REGION_ORIGIN__:0x800060
                [0x00008000]                __TEXT_REGION_LENGTH__ = DEFINED (__TEXT_REGION_LENGTH__)?__TEXT_REGION_LENGTH__:0x20000
                [0x00000800]                __DATA_REGION_LENGTH__ = DEFINED (__DATA_REGION_LENGTH__)?__DATA_REGION_LENGTH__:0xffa0
                [0x00000400]                __EEPROM_REGION_LENGTH__ = DEFINED (__EEPROM_REGION_LENGTH__)?__EEPROM_REGION_LENGTH__:0x10000
                [0x00000002]                __FUSE_REGION_LENGTH__ = DEFINED (__FUSE_REGION_LENGTH__)?__FUSE_REGION_LENGTH__:0x400
                0x00000400                __LOCK_REGION_LENGTH__ = DEFINED (__LOCK_REGION_LENGTH__)?__LOCK_REGION_LENGTH__:0x400
                0x00000400                __SIGNATURE_REGION_LENGTH__ = DEFINED (__SIGNATURE_REGION_LENGTH__)?__SIGNATURE_REGION_LENGTH__:0x400
                0x00000400                __USER_SIGNATURE_REGION_LENGTH__ = DEFINED (__USER_SIGNATURE_REGION_LENGTH__)?__USER_SIGNATURE_REGION_LENGTH__:0x400

.hash
 *(.hash)

.dynsym
 *(.dynsym)

.dynstr
 *(.dynstr)

.gnu.version
 *(.gnu.version)

.gnu.version_d
 *(.gnu.version_d)

.gnu.version_r
 *(.gnu.version_r)

.rel.init
 *(.rel.init)

.rela.init
 *(.rela.init)

.rel.text
 *(.rel.text)
 *(.rel.text.*)
 *(.rel.gnu.linkonce.t*)

.rela.text
 *(.rela.text)
 *(.rela.text.*)
 *(.rela.gnu.linkonce.t*)

.rel.fini
 *(.rel.fini)

.rela.fini
 *(.rela.fini)

.rel.rodata
 *(.rel.rodata)
 *(.rel.rodata.*)
 *(.rel.gnu.linkonce.r*)

.rela.rodata
 *(.rela.rodata)
 *(.rela.rodata.*)
 *(.rela.gnu.linkonce.r*)

.rel.data
 *(.rel.data)
 *(.rel.data.*)
 *(.rel.gnu.linkonce.d*)

.rela.data
 *(.rela.data)
 *(.rela.data.*)
 *(.rela.gnu.linkonce.d*)

.rel.ctors
 *(.rel.ctors)

.rela.ctors
 *(.rela.ctors)

.rel.dtors
 *(.rel.dtors)

.rela.dtors
 *(.rela.dtors)

.rel.got
 *(.rel.got)

.rela.got
 *(.rela.got)

.rel.bss
 *(.rel.bss)

.rela.bss
 *(.rela.bss)

.rel.plt
 *(.rel.plt)

.rela.plt
 *(.rela.plt)

.text           0x00000000      0x658
 *(.vectors)
 .vectors       0x00000000       0x54 C:/Program Files (x86)/Atmel/Studio/7.0/Packs/atmel/ATmega_DFP/1.7.374/gcc/dev/atmega32a/avr5/crtatmega32a.o
                0x00000000                __vector_default
                0x00000000                __vectors
 *(.vectors)
 *(.progmem.gcc*)
                0x00000054                . = ALIGN (0x2)
                0x00000054                __trampolines_start = .
 *(.trampolines)
 .trampolines   0x00000054        0x0 linker stubs
 *(.trampolines*)
                0x00000054                __trampolines_end = .
 *libprintf_flt.a:*(.progmem.data)
 *libc.a:*(.progmem.data)
 *(.progmem*)
                0x00000054                . = ALIGN (0x2)
 *(.jumptables)
 *(.jumptables*)
 *(.lowtext)
 *(.lowtext*)
                0x00000054                __ctors_start = .
 *(.ctors)
                0x00000054                __ctors_end = .
                0x00000054                __dtors_start = .
 *(.dtors)
                0x00000054                __dtors_end = .
 SORT(*)(.ctors)
 SORT(*)(.dtors)
 *(.init0)
 .init0         0x00000054        0x0 C:/Program Files (x86)/Atmel/Studio/7.0/Packs/atmel/ATmega_DFP/1.7.374/gcc/dev/atmega32a/avr5/crtatmega32a.o
                0x00000054                __init
 *(.init0)
 *(.init1)
 *(.init1)
 *(.init2)
 .init2         0x00000054        0xc C:/Program Files (x86)/Atmel/Studio/7.0/Packs/atmel/ATmega_DFP/1.7.374/gcc/dev/atmega32a/avr5/crtatmega32a.o
 *(.init2)
 *(.init3)
 *(.init3)
 *(.init4)
 .init4         0x00000060       0x10 c:/program files (x86)/atmel/studio/7.0/toolchain/avr8/avr8-gnu-toolchain/bin/../lib/gcc/avr/5.4.0/avr5\libgcc.a(_clear_bss.o)
                0x00000060                __do_clear_bss
 *(.init4)
 *(.init5)
 *(.init5)
 *(.init6)
 *(.init6)
 *(.init7)
 *(.init7)
 *(.init8)
 *(.init8)
 *(.init9)
 .init9         0x00000070        0x8 C:/Program Files (x86)/Atmel/Studio/7.0/Packs/atmel/ATmega_DFP/1.7.374/gcc/dev/atmega32a/avr5/crtatmega32a.o
 *(.init9)
 *(.text)
 .text          0x00000078        0x4 C:/Program Files (x86)/Atmel/Studio/7.0/Packs/atmel/ATmega_DFP/1.7.374/gcc/dev/atmega32a/avr5/crtatmega32a.o
                0x00000078                __vector_12
                0x00000078                __bad_interrupt
                0x00000078                __vector_6
                0x00000078                __vector_3
                0x00000078                __vector_13
                0x00000078                __vector_17
                0x00000078                __vector_19
                0x00000078                __vector_7
                0x00000078                __vector_5
                0x00000078                __vector_4
                0x00000078                __vector_9
                0x00000078                __vector_2
                0x00000078                __vector_15
                0x00000078                __vector_8
                0x00000078                __vector_14
                0x00000078                __vector_10
                0x00000078                __vector_16
                0x00000078                __vector_18
                0x00000078                __vector_20
                0x0000007c                . = ALIGN (0x2)
 *(.text.*)
 .text.APP_Init
                0x0000007c       0x4c APPLICATION/APPLICATION_PROG.o
                0x0000007c                APP_Init
 .text.APP_Start
                0x000000c8      0x108 APPLICATION/APPLICATION_PROG.o
                0x000000c8                APP_Start
 .text.__vector_1
                0x000001d0       0xa4 APPLICATION/APPLICATION_PROG.o
                0x000001d0                __vector_1
 .text.__vector_11
                0x00000274       0x84 APPLICATION/APPLICATION_PROG.o
                0x00000274                __vector_11
 .text.LED_init
                0x000002f8        0x8 ECUAL/LED/LED_PROG.o
                0x000002f8                LED_init
 .text.LED_on   0x00000300        0x8 ECUAL/LED/LED_PROG.o
                0x00000300                LED_on
 .text.LED_off  0x00000308        0x8 ECUAL/LED/LED_PROG.o
                0x00000308                LED_off
 .text.LED_toggle
                0x00000310        0x6 ECUAL/LED/LED_PROG.o
                0x00000310                LED_toggle
 .text.BUTTON_init
                0x00000316        0x8 ECUAL/PUSH BUTTON/PUSHBUTTON_PROG.o
                0x00000316                BUTTON_init
 .text.main     0x0000031e        0xa main.o
                0x0000031e                main
 .text.DIO_SetPinDirection
                0x00000328       0xda MCAL/DIO/DIO_PROG.o
                0x00000328                DIO_SetPinDirection
 .text.DIO_PinValue
                0x00000402       0xda MCAL/DIO/DIO_PROG.o
                0x00000402                DIO_PinValue
 .text.DIO_TOGGLE_PIN
                0x000004dc       0x68 MCAL/DIO/DIO_PROG.o
                0x000004dc                DIO_TOGGLE_PIN
 .text.EXTI_enable
                0x00000544       0xca MCAL/EXT_INTERRUPT/EXT_INT.o
                0x00000544                EXTI_enable
 .text.TIMER_0_set_init_value
                0x0000060e        0x4 MCAL/TIMERS/TIMERS_PROG.o
                0x0000060e                TIMER_0_set_init_value
 .text.TIMER_0_init
                0x00000612        0xc MCAL/TIMERS/TIMERS_PROG.o
                0x00000612                TIMER_0_init
 .text.TIMER_0_start
                0x0000061e       0x10 MCAL/TIMERS/TIMERS_PROG.o
                0x0000061e                TIMER_0_start
 .text.TIMER_0_stop
                0x0000062e        0x8 MCAL/TIMERS/TIMERS_PROG.o
                0x0000062e                TIMER_0_stop
 .text.TIMER_0_delay
                0x00000636        0xa MCAL/TIMERS/TIMERS_PROG.o
                0x00000636                TIMER_0_delay
 .text.TIMER_0_reset
                0x00000640        0xc MCAL/TIMERS/TIMERS_PROG.o
                0x00000640                TIMER_0_reset
 .text.INTERRUPT_T0_ovf_init
                0x0000064c        0x8 MCAL/TIMERS/TIMERS_PROG.o
                0x0000064c                INTERRUPT_T0_ovf_init
                0x00000654                . = ALIGN (0x2)
 *(.fini9)
 .fini9         0x00000654        0x0 c:/program files (x86)/atmel/studio/7.0/toolchain/avr8/avr8-gnu-toolchain/bin/../lib/gcc/avr/5.4.0/avr5\libgcc.a(_exit.o)
                0x00000654                _exit
                0x00000654                exit
 *(.fini9)
 *(.fini8)
 *(.fini8)
 *(.fini7)
 *(.fini7)
 *(.fini6)
 *(.fini6)
 *(.fini5)
 *(.fini5)
 *(.fini4)
 *(.fini4)
 *(.fini3)
 *(.fini3)
 *(.fini2)
 *(.fini2)
 *(.fini1)
 *(.fini1)
 *(.fini0)
 .fini0         0x00000654        0x4 c:/program files (x86)/atmel/studio/7.0/toolchain/avr8/avr8-gnu-toolchain/bin/../lib/gcc/avr/5.4.0/avr5\libgcc.a(_exit.o)
 *(.fini0)
                0x00000658                _etext = .

.data           0x00800060        0x0 load address 0x00000658
                [!provide]                PROVIDE (__data_start, .)
 *(.data)
 *(.data*)
 *(.gnu.linkonce.d*)
 *(.rodata)
 *(.rodata*)
 *(.gnu.linkonce.r*)
                0x00800060                . = ALIGN (0x2)
                0x00800060                _edata = .
                [!provide]                PROVIDE (__data_end, .)

.bss            0x00800060        0x3
                0x00800060                PROVIDE (__bss_start, .)
 *(.bss)
 *(.bss*)
 .bss.first_click
                0x00800060        0x1 APPLICATION/APPLICATION_PROG.o
                0x00800060                first_click
 .bss.count     0x00800061        0x1 APPLICATION/APPLICATION_PROG.o
                0x00800061                count
 *(COMMON)
 COMMON         0x00800062        0x1 APPLICATION/APPLICATION_PROG.o
                0x00800062                ovf
                0x00800063                PROVIDE (__bss_end, .)
                0x00000658                __data_load_start = LOADADDR (.data)
                0x00000658                __data_load_end = (__data_load_start + SIZEOF (.data))

.noinit         0x00800063        0x0
                [!provide]                PROVIDE (__noinit_start, .)
 *(.noinit*)
                [!provide]                PROVIDE (__noinit_end, .)
                0x00800063                _end = .
                [!provide]                PROVIDE (__heap_start, .)

.eeprom         0x00810000        0x0
 *(.eeprom*)
                0x00810000                __eeprom_end = .

.fuse
 *(.fuse)
 *(.lfuse)
 *(.hfuse)
 *(.efuse)

.lock
 *(.lock*)

.signature
 *(.signature*)

.user_signatures
 *(.user_signatures*)

.stab
 *(.stab)

.stabstr
 *(.stabstr)

.stab.excl
 *(.stab.excl)

.stab.exclstr
 *(.stab.exclstr)

.stab.index
 *(.stab.index)

.stab.indexstr
 *(.stab.indexstr)

.comment        0x00000000       0x30
 *(.comment)
 .comment       0x00000000       0x30 APPLICATION/APPLICATION_PROG.o
                                 0x31 (size before relaxing)
 .comment       0x00000030       0x31 ECUAL/LED/LED_PROG.o
 .comment       0x00000030       0x31 ECUAL/PUSH BUTTON/PUSHBUTTON_PROG.o
 .comment       0x00000030       0x31 main.o
 .comment       0x00000030       0x31 MCAL/DIO/DIO_PROG.o
 .comment       0x00000030       0x31 MCAL/EXT_INTERRUPT/EXT_INT.o
 .comment       0x00000030       0x31 MCAL/TIMERS/TIMERS_PROG.o

.note.gnu.avr.deviceinfo
                0x00000000       0x3c
 .note.gnu.avr.deviceinfo
                0x00000000       0x3c C:/Program Files (x86)/Atmel/Studio/7.0/Packs/atmel/ATmega_DFP/1.7.374/gcc/dev/atmega32a/avr5/crtatmega32a.o

.note.gnu.build-id
 *(.note.gnu.build-id)

.debug
 *(.debug)

.line
 *(.line)

.debug_srcinfo
 *(.debug_srcinfo)

.debug_sfnames
 *(.debug_sfnames)

.debug_aranges  0x00000000      0x170
 *(.debug_aranges)
 .debug_aranges
                0x00000000       0x38 APPLICATION/APPLICATION_PROG.o
 .debug_aranges
                0x00000038       0x38 ECUAL/LED/LED_PROG.o
 .debug_aranges
                0x00000070       0x28 ECUAL/PUSH BUTTON/PUSHBUTTON_PROG.o
 .debug_aranges
                0x00000098       0x20 main.o
 .debug_aranges
                0x000000b8       0x40 MCAL/DIO/DIO_PROG.o
 .debug_aranges
                0x000000f8       0x28 MCAL/EXT_INTERRUPT/EXT_INT.o
 .debug_aranges
                0x00000120       0x50 MCAL/TIMERS/TIMERS_PROG.o

.debug_pubnames
 *(.debug_pubnames)

.debug_info     0x00000000     0x1237
 *(.debug_info .gnu.linkonce.wi.*)
 .debug_info    0x00000000      0x4e6 C:/Program Files (x86)/Atmel/Studio/7.0/Packs/atmel/ATmega_DFP/1.7.374/gcc/dev/atmega32a/avr5/crtatmega32a.o
 .debug_info    0x000004e6      0x4f9 APPLICATION/APPLICATION_PROG.o
 .debug_info    0x000009df      0x1f4 ECUAL/LED/LED_PROG.o
 .debug_info    0x00000bd3      0x150 ECUAL/PUSH BUTTON/PUSHBUTTON_PROG.o
 .debug_info    0x00000d23       0xbc main.o
 .debug_info    0x00000ddf      0x1b6 MCAL/DIO/DIO_PROG.o
 .debug_info    0x00000f95      0x131 MCAL/EXT_INTERRUPT/EXT_INT.o
 .debug_info    0x000010c6      0x171 MCAL/TIMERS/TIMERS_PROG.o

.debug_abbrev   0x00000000      0x962
 *(.debug_abbrev)
 .debug_abbrev  0x00000000      0x4a3 C:/Program Files (x86)/Atmel/Studio/7.0/Packs/atmel/ATmega_DFP/1.7.374/gcc/dev/atmega32a/avr5/crtatmega32a.o
 .debug_abbrev  0x000004a3       0xf9 APPLICATION/APPLICATION_PROG.o
 .debug_abbrev  0x0000059c       0x8b ECUAL/LED/LED_PROG.o
 .debug_abbrev  0x00000627       0xae ECUAL/PUSH BUTTON/PUSHBUTTON_PROG.o
 .debug_abbrev  0x000006d5       0x68 main.o
 .debug_abbrev  0x0000073d       0xb4 MCAL/DIO/DIO_PROG.o
 .debug_abbrev  0x000007f1       0xae MCAL/EXT_INTERRUPT/EXT_INT.o
 .debug_abbrev  0x0000089f       0xc3 MCAL/TIMERS/TIMERS_PROG.o

.debug_line     0x00000000      0xb6e
 *(.debug_line .debug_line.* .debug_line_end)
 .debug_line    0x00000000      0x116 C:/Program Files (x86)/Atmel/Studio/7.0/Packs/atmel/ATmega_DFP/1.7.374/gcc/dev/atmega32a/avr5/crtatmega32a.o
 .debug_line    0x00000116      0x317 APPLICATION/APPLICATION_PROG.o
 .debug_line    0x0000042d       0xfb ECUAL/LED/LED_PROG.o
 .debug_line    0x00000528       0xf4 ECUAL/PUSH BUTTON/PUSHBUTTON_PROG.o
 .debug_line    0x0000061c       0x72 main.o
 .debug_line    0x0000068e      0x210 MCAL/DIO/DIO_PROG.o
 .debug_line    0x0000089e      0x19e MCAL/EXT_INTERRUPT/EXT_INT.o
 .debug_line    0x00000a3c      0x132 MCAL/TIMERS/TIMERS_PROG.o

.debug_frame    0x00000000      0x2b8
 *(.debug_frame)
 .debug_frame   0x00000000       0xe4 APPLICATION/APPLICATION_PROG.o
 .debug_frame   0x000000e4       0x54 ECUAL/LED/LED_PROG.o
 .debug_frame   0x00000138       0x40 ECUAL/PUSH BUTTON/PUSHBUTTON_PROG.o
 .debug_frame   0x00000178       0x24 main.o
 .debug_frame   0x0000019c       0x64 MCAL/DIO/DIO_PROG.o
 .debug_frame   0x00000200       0x34 MCAL/EXT_INTERRUPT/EXT_INT.o
 .debug_frame   0x00000234       0x84 MCAL/TIMERS/TIMERS_PROG.o

.debug_str      0x00000000      0x62c
 *(.debug_str)
 .debug_str     0x00000000      0x196 C:/Program Files (x86)/Atmel/Studio/7.0/Packs/atmel/ATmega_DFP/1.7.374/gcc/dev/atmega32a/avr5/crtatmega32a.o
 .debug_str     0x00000196      0x2d1 APPLICATION/APPLICATION_PROG.o
                                0x2ea (size before relaxing)
 .debug_str     0x00000467       0x5b ECUAL/LED/LED_PROG.o
                                0x1e4 (size before relaxing)
 .debug_str     0x000004c2       0x75 ECUAL/PUSH BUTTON/PUSHBUTTON_PROG.o
                                0x1fb (size before relaxing)
 .debug_str     0x00000537       0x11 main.o
                                0x18a (size before relaxing)
 .debug_str     0x00000548       0x41 MCAL/DIO/DIO_PROG.o
                                0x205 (size before relaxing)
 .debug_str     0x00000589       0x6b MCAL/EXT_INTERRUPT/EXT_INT.o
                                0x245 (size before relaxing)
 .debug_str     0x000005f4       0x38 MCAL/TIMERS/TIMERS_PROG.o
                                0x1f4 (size before relaxing)

.debug_loc      0x00000000      0x7f8
 *(.debug_loc)
 .debug_loc     0x00000000      0x196 APPLICATION/APPLICATION_PROG.o
 .debug_loc     0x00000196      0x108 ECUAL/LED/LED_PROG.o
 .debug_loc     0x0000029e       0xe9 ECUAL/PUSH BUTTON/PUSHBUTTON_PROG.o
 .debug_loc     0x00000387      0x31c MCAL/DIO/DIO_PROG.o
 .debug_loc     0x000006a3      0x155 MCAL/EXT_INTERRUPT/EXT_INT.o

.debug_macinfo
 *(.debug_macinfo)

.debug_weaknames
 *(.debug_weaknames)

.debug_funcnames
 *(.debug_funcnames)

.debug_typenames
 *(.debug_typenames)

.debug_varnames
 *(.debug_varnames)

.debug_pubtypes
 *(.debug_pubtypes)

.debug_ranges   0x00000000      0x100
 *(.debug_ranges)
 .debug_ranges  0x00000000       0x28 APPLICATION/APPLICATION_PROG.o
 .debug_ranges  0x00000028       0x28 ECUAL/LED/LED_PROG.o
 .debug_ranges  0x00000050       0x18 ECUAL/PUSH BUTTON/PUSHBUTTON_PROG.o
 .debug_ranges  0x00000068       0x10 main.o
 .debug_ranges  0x00000078       0x30 MCAL/DIO/DIO_PROG.o
 .debug_ranges  0x000000a8       0x18 MCAL/EXT_INTERRUPT/EXT_INT.o
 .debug_ranges  0x000000c0       0x40 MCAL/TIMERS/TIMERS_PROG.o

.debug_macro
 *(.debug_macro)
OUTPUT(TRAFFIC_LIGHTS.elf elf32-avr)
LOAD linker stubs
