Archive member included to satisfy reference by file (symbol)

c:/program files (x86)/atmel/studio/7.0/toolchain/avr8/avr8-gnu-toolchain/bin/../lib/gcc/avr/5.4.0/avr5\libgcc.a(_exit.o)
                              C:/Program Files (x86)/Atmel/Studio/7.0/Packs/atmel/ATmega_DFP/1.6.364/gcc/dev/atmega32/avr5/crtatmega32.o (exit)
c:/program files (x86)/atmel/studio/7.0/toolchain/avr8/avr8-gnu-toolchain/bin/../lib/gcc/avr/5.4.0/avr5\libgcc.a(_copy_data.o)
                              main.o (__do_copy_data)
c:/program files (x86)/atmel/studio/7.0/toolchain/avr8/avr8-gnu-toolchain/bin/../lib/gcc/avr/5.4.0/avr5\libgcc.a(_clear_bss.o)
                              TMR_program.o (__do_clear_bss)

Discarded input sections

 .data          0x00000000        0x0 C:/Program Files (x86)/Atmel/Studio/7.0/Packs/atmel/ATmega_DFP/1.6.364/gcc/dev/atmega32/avr5/crtatmega32.o
 .bss           0x00000000        0x0 C:/Program Files (x86)/Atmel/Studio/7.0/Packs/atmel/ATmega_DFP/1.6.364/gcc/dev/atmega32/avr5/crtatmega32.o
 .text          0x00000000        0x0 ADC_program.o
 .data          0x00000000        0x0 ADC_program.o
 .bss           0x00000000        0x0 ADC_program.o
 .text          0x00000000        0x0 DIO_program.o
 .data          0x00000000        0x0 DIO_program.o
 .bss           0x00000000        0x0 DIO_program.o
 .text.DIO_togglePinValue
                0x00000000       0x68 DIO_program.o
 .text.DIO_activatePullUp
                0x00000000       0x68 DIO_program.o
 .text          0x00000000        0x0 EEPROM_program.o
 .data          0x00000000        0x0 EEPROM_program.o
 .bss           0x00000000        0x0 EEPROM_program.o
 .text          0x00000000        0x0 EWH.o
 .data          0x00000000        0x0 EWH.o
 .bss           0x00000000        0x0 EWH.o
 .text          0x00000000        0x0 EXTI_program.o
 .data          0x00000000        0x0 EXTI_program.o
 .bss           0x00000000        0x0 EXTI_program.o
 .text.EXTI_disable
                0x00000000       0x24 EXTI_program.o
 .text          0x00000000        0x0 main.o
 .data          0x00000000        0x0 main.o
 .bss           0x00000000        0x0 main.o
 .text          0x00000000        0x0 SPI_program.o
 .data          0x00000000        0x0 SPI_program.o
 .bss           0x00000000        0x0 SPI_program.o
 .text.SPI_initMaster
                0x00000000       0x50 SPI_program.o
 .text.SPI_initSlave
                0x00000000       0x38 SPI_program.o
 .text.SPI_transieve
                0x00000000       0x14 SPI_program.o
 .text.SPI_SlaveReceive
                0x00000000        0x8 SPI_program.o
 .debug_info    0x00000000       0xfb SPI_program.o
 .debug_abbrev  0x00000000       0xa1 SPI_program.o
 .debug_loc     0x00000000       0x2d SPI_program.o
 .debug_aranges
                0x00000000       0x38 SPI_program.o
 .debug_ranges  0x00000000       0x28 SPI_program.o
 .debug_line    0x00000000      0x137 SPI_program.o
 .debug_str     0x00000000      0x1b5 SPI_program.o
 .comment       0x00000000       0x31 SPI_program.o
 .debug_frame   0x00000000       0x54 SPI_program.o
 .text          0x00000000        0x0 SSD_program.o
 .data          0x00000000        0x0 SSD_program.o
 .bss           0x00000000        0x0 SSD_program.o
 .text.SSD_SHUTDOWN
                0x00000000       0x16 SSD_program.o
 .text.SSD_displayNumber
                0x00000000       0x34 SSD_program.o
 .text          0x00000000        0x0 TMR_program.o
 .data          0x00000000        0x0 TMR_program.o
 .bss           0x00000000        0x0 TMR_program.o
 .text.TMR_timer0Init
                0x00000000       0x26 TMR_program.o
 .text.TMR_timer0setCompareMatchValue
                0x00000000        0x4 TMR_program.o
 .text.TMR_timer0_CTC_SetCallBack
                0x00000000        0xa TMR_program.o
 .text.TMR_timer1Init
                0x00000000       0x46 TMR_program.o
 .text.TMR_timer1setCompareMatchAValue
                0x00000000        0x6 TMR_program.o
 .text          0x00000000        0x0 TWI_program.o
 .data          0x00000000        0x0 TWI_program.o
 .bss           0x00000000        0x0 TWI_program.o
 .text          0x00000000        0x0 c:/program files (x86)/atmel/studio/7.0/toolchain/avr8/avr8-gnu-toolchain/bin/../lib/gcc/avr/5.4.0/avr5\libgcc.a(_exit.o)
 .data          0x00000000        0x0 c:/program files (x86)/atmel/studio/7.0/toolchain/avr8/avr8-gnu-toolchain/bin/../lib/gcc/avr/5.4.0/avr5\libgcc.a(_exit.o)
 .bss           0x00000000        0x0 c:/program files (x86)/atmel/studio/7.0/toolchain/avr8/avr8-gnu-toolchain/bin/../lib/gcc/avr/5.4.0/avr5\libgcc.a(_exit.o)
 .text.libgcc.mul
                0x00000000        0x0 c:/program files (x86)/atmel/studio/7.0/toolchain/avr8/avr8-gnu-toolchain/bin/../lib/gcc/avr/5.4.0/avr5\libgcc.a(_exit.o)
 .text.libgcc.div
                0x00000000        0x0 c:/program files (x86)/atmel/studio/7.0/toolchain/avr8/avr8-gnu-toolchain/bin/../lib/gcc/avr/5.4.0/avr5\libgcc.a(_exit.o)
 .text.libgcc   0x00000000        0x0 c:/program files (x86)/atmel/studio/7.0/toolchain/avr8/avr8-gnu-toolchain/bin/../lib/gcc/avr/5.4.0/avr5\libgcc.a(_exit.o)
 .text.libgcc.prologue
                0x00000000        0x0 c:/program files (x86)/atmel/studio/7.0/toolchain/avr8/avr8-gnu-toolchain/bin/../lib/gcc/avr/5.4.0/avr5\libgcc.a(_exit.o)
 .text.libgcc.builtins
                0x00000000        0x0 c:/program files (x86)/atmel/studio/7.0/toolchain/avr8/avr8-gnu-toolchain/bin/../lib/gcc/avr/5.4.0/avr5\libgcc.a(_exit.o)
 .text.libgcc.fmul
                0x00000000        0x0 c:/program files (x86)/atmel/studio/7.0/toolchain/avr8/avr8-gnu-toolchain/bin/../lib/gcc/avr/5.4.0/avr5\libgcc.a(_exit.o)
 .text.libgcc.fixed
                0x00000000        0x0 c:/program files (x86)/atmel/studio/7.0/toolchain/avr8/avr8-gnu-toolchain/bin/../lib/gcc/avr/5.4.0/avr5\libgcc.a(_exit.o)
 .text          0x00000000        0x0 c:/program files (x86)/atmel/studio/7.0/toolchain/avr8/avr8-gnu-toolchain/bin/../lib/gcc/avr/5.4.0/avr5\libgcc.a(_copy_data.o)
 .data          0x00000000        0x0 c:/program files (x86)/atmel/studio/7.0/toolchain/avr8/avr8-gnu-toolchain/bin/../lib/gcc/avr/5.4.0/avr5\libgcc.a(_copy_data.o)
 .bss           0x00000000        0x0 c:/program files (x86)/atmel/studio/7.0/toolchain/avr8/avr8-gnu-toolchain/bin/../lib/gcc/avr/5.4.0/avr5\libgcc.a(_copy_data.o)
 .text.libgcc.mul
                0x00000000        0x0 c:/program files (x86)/atmel/studio/7.0/toolchain/avr8/avr8-gnu-toolchain/bin/../lib/gcc/avr/5.4.0/avr5\libgcc.a(_copy_data.o)
 .text.libgcc.div
                0x00000000        0x0 c:/program files (x86)/atmel/studio/7.0/toolchain/avr8/avr8-gnu-toolchain/bin/../lib/gcc/avr/5.4.0/avr5\libgcc.a(_copy_data.o)
 .text.libgcc   0x00000000        0x0 c:/program files (x86)/atmel/studio/7.0/toolchain/avr8/avr8-gnu-toolchain/bin/../lib/gcc/avr/5.4.0/avr5\libgcc.a(_copy_data.o)
 .text.libgcc.prologue
                0x00000000        0x0 c:/program files (x86)/atmel/studio/7.0/toolchain/avr8/avr8-gnu-toolchain/bin/../lib/gcc/avr/5.4.0/avr5\libgcc.a(_copy_data.o)
 .text.libgcc.builtins
                0x00000000        0x0 c:/program files (x86)/atmel/studio/7.0/toolchain/avr8/avr8-gnu-toolchain/bin/../lib/gcc/avr/5.4.0/avr5\libgcc.a(_copy_data.o)
 .text.libgcc.fmul
                0x00000000        0x0 c:/program files (x86)/atmel/studio/7.0/toolchain/avr8/avr8-gnu-toolchain/bin/../lib/gcc/avr/5.4.0/avr5\libgcc.a(_copy_data.o)
 .text.libgcc.fixed
                0x00000000        0x0 c:/program files (x86)/atmel/studio/7.0/toolchain/avr8/avr8-gnu-toolchain/bin/../lib/gcc/avr/5.4.0/avr5\libgcc.a(_copy_data.o)
 .text          0x00000000        0x0 c:/program files (x86)/atmel/studio/7.0/toolchain/avr8/avr8-gnu-toolchain/bin/../lib/gcc/avr/5.4.0/avr5\libgcc.a(_clear_bss.o)
 .data          0x00000000        0x0 c:/program files (x86)/atmel/studio/7.0/toolchain/avr8/avr8-gnu-toolchain/bin/../lib/gcc/avr/5.4.0/avr5\libgcc.a(_clear_bss.o)
 .bss           0x00000000        0x0 c:/program files (x86)/atmel/studio/7.0/toolchain/avr8/avr8-gnu-toolchain/bin/../lib/gcc/avr/5.4.0/avr5\libgcc.a(_clear_bss.o)
 .text.libgcc.mul
                0x00000000        0x0 c:/program files (x86)/atmel/studio/7.0/toolchain/avr8/avr8-gnu-toolchain/bin/../lib/gcc/avr/5.4.0/avr5\libgcc.a(_clear_bss.o)
 .text.libgcc.div
                0x00000000        0x0 c:/program files (x86)/atmel/studio/7.0/toolchain/avr8/avr8-gnu-toolchain/bin/../lib/gcc/avr/5.4.0/avr5\libgcc.a(_clear_bss.o)
 .text.libgcc   0x00000000        0x0 c:/program files (x86)/atmel/studio/7.0/toolchain/avr8/avr8-gnu-toolchain/bin/../lib/gcc/avr/5.4.0/avr5\libgcc.a(_clear_bss.o)
 .text.libgcc.prologue
                0x00000000        0x0 c:/program files (x86)/atmel/studio/7.0/toolchain/avr8/avr8-gnu-toolchain/bin/../lib/gcc/avr/5.4.0/avr5\libgcc.a(_clear_bss.o)
 .text.libgcc.builtins
                0x00000000        0x0 c:/program files (x86)/atmel/studio/7.0/toolchain/avr8/avr8-gnu-toolchain/bin/../lib/gcc/avr/5.4.0/avr5\libgcc.a(_clear_bss.o)
 .text.libgcc.fmul
                0x00000000        0x0 c:/program files (x86)/atmel/studio/7.0/toolchain/avr8/avr8-gnu-toolchain/bin/../lib/gcc/avr/5.4.0/avr5\libgcc.a(_clear_bss.o)
 .text.libgcc.fixed
                0x00000000        0x0 c:/program files (x86)/atmel/studio/7.0/toolchain/avr8/avr8-gnu-toolchain/bin/../lib/gcc/avr/5.4.0/avr5\libgcc.a(_clear_bss.o)

Memory Configuration

Name             Origin             Length             Attributes
text             0x00000000         0x00008000         xr
data             0x00800060         0x00000800         rw !x
eeprom           0x00810000         0x00000400         rw !x
fuse             0x00820000         0x00000002         rw !x
lock             0x00830000         0x00000400         rw !x
signature        0x00840000         0x00000400         rw !x
user_signatures  0x00850000         0x00000400         rw !x
*default*        0x00000000         0xffffffff

Linker script and memory map

LOAD C:/Program Files (x86)/Atmel/Studio/7.0/Packs/atmel/ATmega_DFP/1.6.364/gcc/dev/atmega32/avr5/crtatmega32.o
LOAD ADC_program.o
LOAD DIO_program.o
LOAD EEPROM_program.o
LOAD EWH.o
LOAD EXTI_program.o
LOAD main.o
LOAD SPI_program.o
LOAD SSD_program.o
LOAD TMR_program.o
LOAD TWI_program.o
START GROUP
LOAD c:/program files (x86)/atmel/studio/7.0/toolchain/avr8/avr8-gnu-toolchain/bin/../lib/gcc/avr/5.4.0/../../../../avr/lib/avr5\libm.a
END GROUP
START GROUP
LOAD c:/program files (x86)/atmel/studio/7.0/toolchain/avr8/avr8-gnu-toolchain/bin/../lib/gcc/avr/5.4.0/avr5\libgcc.a
LOAD c:/program files (x86)/atmel/studio/7.0/toolchain/avr8/avr8-gnu-toolchain/bin/../lib/gcc/avr/5.4.0/../../../../avr/lib/avr5\libm.a
LOAD c:/program files (x86)/atmel/studio/7.0/toolchain/avr8/avr8-gnu-toolchain/bin/../lib/gcc/avr/5.4.0/../../../../avr/lib/avr5\libc.a
LOAD C:/Program Files (x86)/Atmel/Studio/7.0/Packs/atmel/ATmega_DFP/1.6.364/gcc/dev/atmega32/avr5\libatmega32.a
END GROUP
                0x00000000                __TEXT_REGION_ORIGIN__ = DEFINED (__TEXT_REGION_ORIGIN__)?__TEXT_REGION_ORIGIN__:0x0
                [0x00800060]                __DATA_REGION_ORIGIN__ = DEFINED (__DATA_REGION_ORIGIN__)?__DATA_REGION_ORIGIN__:0x800060
                [0x00008000]                __TEXT_REGION_LENGTH__ = DEFINED (__TEXT_REGION_LENGTH__)?__TEXT_REGION_LENGTH__:0x20000
                [0x00000800]                __DATA_REGION_LENGTH__ = DEFINED (__DATA_REGION_LENGTH__)?__DATA_REGION_LENGTH__:0xffa0
                [0x00000400]                __EEPROM_REGION_LENGTH__ = DEFINED (__EEPROM_REGION_LENGTH__)?__EEPROM_REGION_LENGTH__:0x10000
                [0x00000002]                __FUSE_REGION_LENGTH__ = DEFINED (__FUSE_REGION_LENGTH__)?__FUSE_REGION_LENGTH__:0x400
                0x00000400                __LOCK_REGION_LENGTH__ = DEFINED (__LOCK_REGION_LENGTH__)?__LOCK_REGION_LENGTH__:0x400
                0x00000400                __SIGNATURE_REGION_LENGTH__ = DEFINED (__SIGNATURE_REGION_LENGTH__)?__SIGNATURE_REGION_LENGTH__:0x400
                0x00000400                __USER_SIGNATURE_REGION_LENGTH__ = DEFINED (__USER_SIGNATURE_REGION_LENGTH__)?__USER_SIGNATURE_REGION_LENGTH__:0x400

.hash
 *(.hash)

.dynsym
 *(.dynsym)

.dynstr
 *(.dynstr)

.gnu.version
 *(.gnu.version)

.gnu.version_d
 *(.gnu.version_d)

.gnu.version_r
 *(.gnu.version_r)

.rel.init
 *(.rel.init)

.rela.init
 *(.rela.init)

.rel.text
 *(.rel.text)
 *(.rel.text.*)
 *(.rel.gnu.linkonce.t*)

.rela.text
 *(.rela.text)
 *(.rela.text.*)
 *(.rela.gnu.linkonce.t*)

.rel.fini
 *(.rel.fini)

.rela.fini
 *(.rela.fini)

.rel.rodata
 *(.rel.rodata)
 *(.rel.rodata.*)
 *(.rel.gnu.linkonce.r*)

.rela.rodata
 *(.rela.rodata)
 *(.rela.rodata.*)
 *(.rela.gnu.linkonce.r*)

.rel.data
 *(.rel.data)
 *(.rel.data.*)
 *(.rel.gnu.linkonce.d*)

.rela.data
 *(.rela.data)
 *(.rela.data.*)
 *(.rela.gnu.linkonce.d*)

.rel.ctors
 *(.rel.ctors)

.rela.ctors
 *(.rela.ctors)

.rel.dtors
 *(.rel.dtors)

.rela.dtors
 *(.rela.dtors)

.rel.got
 *(.rel.got)

.rela.got
 *(.rela.got)

.rel.bss
 *(.rel.bss)

.rela.bss
 *(.rela.bss)

.rel.plt
 *(.rel.plt)

.rela.plt
 *(.rela.plt)

.text           0x00000000      0xac0
 *(.vectors)
 .vectors       0x00000000       0x54 C:/Program Files (x86)/Atmel/Studio/7.0/Packs/atmel/ATmega_DFP/1.6.364/gcc/dev/atmega32/avr5/crtatmega32.o
                0x00000000                __vector_default
                0x00000000                __vectors
 *(.vectors)
 *(.progmem.gcc*)
                0x00000054                . = ALIGN (0x2)
                0x00000054                __trampolines_start = .
 *(.trampolines)
 .trampolines   0x00000054        0x0 linker stubs
 *(.trampolines*)
                0x00000054                __trampolines_end = .
 *libprintf_flt.a:*(.progmem.data)
 *libc.a:*(.progmem.data)
 *(.progmem*)
                0x00000054                . = ALIGN (0x2)
 *(.jumptables)
 *(.jumptables*)
 *(.lowtext)
 *(.lowtext*)
                0x00000054                __ctors_start = .
 *(.ctors)
                0x00000054                __ctors_end = .
                0x00000054                __dtors_start = .
 *(.dtors)
                0x00000054                __dtors_end = .
 SORT(*)(.ctors)
 SORT(*)(.dtors)
 *(.init0)
 .init0         0x00000054        0x0 C:/Program Files (x86)/Atmel/Studio/7.0/Packs/atmel/ATmega_DFP/1.6.364/gcc/dev/atmega32/avr5/crtatmega32.o
                0x00000054                __init
 *(.init0)
 *(.init1)
 *(.init1)
 *(.init2)
 .init2         0x00000054        0xc C:/Program Files (x86)/Atmel/Studio/7.0/Packs/atmel/ATmega_DFP/1.6.364/gcc/dev/atmega32/avr5/crtatmega32.o
 *(.init2)
 *(.init3)
 *(.init3)
 *(.init4)
 .init4         0x00000060       0x16 c:/program files (x86)/atmel/studio/7.0/toolchain/avr8/avr8-gnu-toolchain/bin/../lib/gcc/avr/5.4.0/avr5\libgcc.a(_copy_data.o)
                0x00000060                __do_copy_data
 .init4         0x00000076       0x10 c:/program files (x86)/atmel/studio/7.0/toolchain/avr8/avr8-gnu-toolchain/bin/../lib/gcc/avr/5.4.0/avr5\libgcc.a(_clear_bss.o)
                0x00000076                __do_clear_bss
 *(.init4)
 *(.init5)
 *(.init5)
 *(.init6)
 *(.init6)
 *(.init7)
 *(.init7)
 *(.init8)
 *(.init8)
 *(.init9)
 .init9         0x00000086        0x8 C:/Program Files (x86)/Atmel/Studio/7.0/Packs/atmel/ATmega_DFP/1.6.364/gcc/dev/atmega32/avr5/crtatmega32.o
 *(.init9)
 *(.text)
 .text          0x0000008e        0x4 C:/Program Files (x86)/Atmel/Studio/7.0/Packs/atmel/ATmega_DFP/1.6.364/gcc/dev/atmega32/avr5/crtatmega32.o
                0x0000008e                __vector_12
                0x0000008e                __bad_interrupt
                0x0000008e                __vector_6
                0x0000008e                __vector_3
                0x0000008e                __vector_13
                0x0000008e                __vector_17
                0x0000008e                __vector_19
                0x0000008e                __vector_7
                0x0000008e                __vector_5
                0x0000008e                __vector_4
                0x0000008e                __vector_9
                0x0000008e                __vector_2
                0x0000008e                __vector_15
                0x0000008e                __vector_8
                0x0000008e                __vector_14
                0x0000008e                __vector_16
                0x0000008e                __vector_18
                0x0000008e                __vector_20
                0x00000092                . = ALIGN (0x2)
 *(.text.*)
 .text.ADC_INIT
                0x00000092       0x32 ADC_program.o
                0x00000092                ADC_INIT
 .text.ADC_GET_DIGITAL
                0x000000c4       0x32 ADC_program.o
                0x000000c4                ADC_GET_DIGITAL
 .text.DIO_setPinDirection
                0x000000f6       0xda DIO_program.o
                0x000000f6                DIO_setPinDirection
 .text.DIO_setPinValue
                0x000001d0       0xda DIO_program.o
                0x000001d0                DIO_setPinValue
 .text.DIO_getPinValue
                0x000002aa       0x62 DIO_program.o
                0x000002aa                DIO_getPinValue
 .text.EEPROM_writeByte
                0x0000030c       0x3c EEPROM_program.o
                0x0000030c                EEPROM_writeByte
 .text.EEPROM_readByte
                0x00000348       0x4a EEPROM_program.o
                0x00000348                EEPROM_readByte
 .text.set_temp
                0x00000392       0x7c EWH.o
                0x00000392                set_temp
 .text.EWH_SET_DIRECTION
                0x0000040e       0x3e EWH.o
                0x0000040e                EWH_SET_DIRECTION
 .text.EWH_INIT
                0x0000044c       0x1c EWH.o
                0x0000044c                EWH_INIT
 .text.EWH_FIRST_TIME_CHECK
                0x00000468       0x12 EWH.o
                0x00000468                EWH_FIRST_TIME_CHECK
 .text.EWH_GET_SENSOR
                0x0000047a        0xa EWH.o
                0x0000047a                EWH_GET_SENSOR
 .text.EWH_SHUTDOWN
                0x00000484       0x20 EWH.o
                0x00000484                EWH_SHUTDOWN
 .text.EXTI_enable
                0x000004a4       0xca EXTI_program.o
                0x000004a4                EXTI_enable
 .text.main     0x0000056e      0x20e main.o
                0x0000056e                main
 .text.__vector_1
                0x0000077c       0x40 main.o
                0x0000077c                __vector_1
 .text.SSD_initDirections
                0x000007bc       0x48 SSD_program.o
                0x000007bc                SSD_initDirections
 .text.SSD_writeHalfPort
                0x00000804       0x70 SSD_program.o
                0x00000804                SSD_writeHalfPort
 .text.SSD_displayMultiNumber
                0x00000874       0x86 SSD_program.o
                0x00000874                SSD_displayMultiNumber
 .text.display  0x000008fa       0x20 SSD_program.o
                0x000008fa                display
 .text.__vector_11
                0x0000091a       0x44 TMR_program.o
                0x0000091a                __vector_11
 .text.__vector_10
                0x0000095e       0x6e TMR_program.o
                0x0000095e                __vector_10
 .text.TWI_initMaster
                0x000009cc       0x1e TWI_program.o
                0x000009cc                TWI_initMaster
 .text.TWI_sendStartCondition
                0x000009ea       0x1c TWI_program.o
                0x000009ea                TWI_sendStartCondition
 .text.TWI_sendRepStartCondition
                0x00000a06       0x1c TWI_program.o
                0x00000a06                TWI_sendRepStartCondition
 .text.TWI_sendStopCondition
                0x00000a22        0xe TWI_program.o
                0x00000a22                TWI_sendStopCondition
 .text.TWI_sendSlaveAddwithWrite
                0x00000a30       0x2a TWI_program.o
                0x00000a30                TWI_sendSlaveAddwithWrite
 .text.TWI_sendSlaveAddwithRead
                0x00000a5a       0x2a TWI_program.o
                0x00000a5a                TWI_sendSlaveAddwithRead
 .text.TWI_sendMasterDataByte
                0x00000a84       0x18 TWI_program.o
                0x00000a84                TWI_sendMasterDataByte
 .text.TWI_readMasterDataByte
                0x00000a9c       0x20 TWI_program.o
                0x00000a9c                TWI_readMasterDataByte
                0x00000abc                . = ALIGN (0x2)
 *(.fini9)
 .fini9         0x00000abc        0x0 c:/program files (x86)/atmel/studio/7.0/toolchain/avr8/avr8-gnu-toolchain/bin/../lib/gcc/avr/5.4.0/avr5\libgcc.a(_exit.o)
                0x00000abc                _exit
                0x00000abc                exit
 *(.fini9)
 *(.fini8)
 *(.fini8)
 *(.fini7)
 *(.fini7)
 *(.fini6)
 *(.fini6)
 *(.fini5)
 *(.fini5)
 *(.fini4)
 *(.fini4)
 *(.fini3)
 *(.fini3)
 *(.fini2)
 *(.fini2)
 *(.fini1)
 *(.fini1)
 *(.fini0)
 .fini0         0x00000abc        0x4 c:/program files (x86)/atmel/studio/7.0/toolchain/avr8/avr8-gnu-toolchain/bin/../lib/gcc/avr/5.4.0/avr5\libgcc.a(_exit.o)
 *(.fini0)
                0x00000ac0                _etext = .

.data           0x00800060        0x4 load address 0x00000ac0
                0x00800060                PROVIDE (__data_start, .)
 *(.data)
 *(.data*)
 .data.ptr      0x00800060        0x2 main.o
                0x00800060                ptr
 .data.state    0x00800062        0x1 main.o
                0x00800062                state
 *(.gnu.linkonce.d*)
 *(.rodata)
 *(.rodata*)
 *(.gnu.linkonce.r*)
                0x00800064                . = ALIGN (0x2)
 *fill*         0x00800063        0x1 
                0x00800064                _edata = .
                0x00800064                PROVIDE (__data_end, .)

.bss            0x00800064        0x6
                0x00800064                PROVIDE (__bss_start, .)
 *(.bss)
 *(.bss*)
 .bss.counterCTC.1608
                0x00800064        0x2 TMR_program.o
 .bss.counterOVF.1602
                0x00800066        0x2 TMR_program.o
 .bss.timer0_ctc_pCallBack
                0x00800068        0x2 TMR_program.o
 *(COMMON)
                0x0080006a                PROVIDE (__bss_end, .)
                0x00000ac0                __data_load_start = LOADADDR (.data)
                0x00000ac4                __data_load_end = (__data_load_start + SIZEOF (.data))

.noinit         0x0080006a        0x0
                [!provide]                PROVIDE (__noinit_start, .)
 *(.noinit*)
                [!provide]                PROVIDE (__noinit_end, .)
                0x0080006a                _end = .
                [!provide]                PROVIDE (__heap_start, .)

.eeprom         0x00810000        0x0
 *(.eeprom*)
                0x00810000                __eeprom_end = .

.fuse
 *(.fuse)
 *(.lfuse)
 *(.hfuse)
 *(.efuse)

.lock
 *(.lock*)

.signature
 *(.signature*)

.user_signatures
 *(.user_signatures*)

.stab
 *(.stab)

.stabstr
 *(.stabstr)

.stab.excl
 *(.stab.excl)

.stab.exclstr
 *(.stab.exclstr)

.stab.index
 *(.stab.index)

.stab.indexstr
 *(.stab.indexstr)

.comment        0x00000000       0x30
 *(.comment)
 .comment       0x00000000       0x30 ADC_program.o
                                 0x31 (size before relaxing)
 .comment       0x00000030       0x31 DIO_program.o
 .comment       0x00000030       0x31 EEPROM_program.o
 .comment       0x00000030       0x31 EWH.o
 .comment       0x00000030       0x31 EXTI_program.o
 .comment       0x00000030       0x31 main.o
 .comment       0x00000030       0x31 SSD_program.o
 .comment       0x00000030       0x31 TMR_program.o
 .comment       0x00000030       0x31 TWI_program.o

.note.gnu.avr.deviceinfo
                0x00000000       0x3c
 .note.gnu.avr.deviceinfo
                0x00000000       0x3c C:/Program Files (x86)/Atmel/Studio/7.0/Packs/atmel/ATmega_DFP/1.6.364/gcc/dev/atmega32/avr5/crtatmega32.o

.note.gnu.build-id
 *(.note.gnu.build-id)

.debug
 *(.debug)

.line
 *(.line)

.debug_srcinfo
 *(.debug_srcinfo)

.debug_sfnames
 *(.debug_sfnames)

.debug_aranges  0x00000000      0x218
 *(.debug_aranges)
 .debug_aranges
                0x00000000       0x28 ADC_program.o
 .debug_aranges
                0x00000028       0x40 DIO_program.o
 .debug_aranges
                0x00000068       0x28 EEPROM_program.o
 .debug_aranges
                0x00000090       0x48 EWH.o
 .debug_aranges
                0x000000d8       0x28 EXTI_program.o
 .debug_aranges
                0x00000100       0x28 main.o
 .debug_aranges
                0x00000128       0x48 SSD_program.o
 .debug_aranges
                0x00000170       0x50 TMR_program.o
 .debug_aranges
                0x000001c0       0x58 TWI_program.o

.debug_pubnames
 *(.debug_pubnames)

.debug_info     0x00000000     0x1ea4
 *(.debug_info .gnu.linkonce.wi.*)
 .debug_info    0x00000000      0x4e6 C:/Program Files (x86)/Atmel/Studio/7.0/Packs/atmel/ATmega_DFP/1.6.364/gcc/dev/atmega32/avr5/crtatmega32.o
 .debug_info    0x000004e6       0xcf ADC_program.o
 .debug_info    0x000005b5      0x1a8 DIO_program.o
 .debug_info    0x0000075d      0x2f8 EEPROM_program.o
 .debug_info    0x00000a55      0x487 EWH.o
 .debug_info    0x00000edc      0x123 EXTI_program.o
 .debug_info    0x00000fff      0x60e main.o
 .debug_info    0x0000160d      0x58f SSD_program.o
 .debug_info    0x00001b9c      0x196 TMR_program.o
 .debug_info    0x00001d32      0x172 TWI_program.o

.debug_abbrev   0x00000000      0xcfe
 *(.debug_abbrev)
 .debug_abbrev  0x00000000      0x4a3 C:/Program Files (x86)/Atmel/Studio/7.0/Packs/atmel/ATmega_DFP/1.6.364/gcc/dev/atmega32/avr5/crtatmega32.o
 .debug_abbrev  0x000004a3       0x87 ADC_program.o
 .debug_abbrev  0x0000052a       0xa9 DIO_program.o
 .debug_abbrev  0x000005d3      0x125 EEPROM_program.o
 .debug_abbrev  0x000006f8      0x171 EWH.o
 .debug_abbrev  0x00000869       0xa3 EXTI_program.o
 .debug_abbrev  0x0000090c      0x173 main.o
 .debug_abbrev  0x00000a7f      0x136 SSD_program.o
 .debug_abbrev  0x00000bb5       0xd1 TMR_program.o
 .debug_abbrev  0x00000c86       0x78 TWI_program.o

.debug_line     0x00000000     0x1263
 *(.debug_line .debug_line.* .debug_line_end)
 .debug_line    0x00000000      0x116 C:/Program Files (x86)/Atmel/Studio/7.0/Packs/atmel/ATmega_DFP/1.6.364/gcc/dev/atmega32/avr5/crtatmega32.o
 .debug_line    0x00000116       0xc7 ADC_program.o
 .debug_line    0x000001dd      0x1c5 DIO_program.o
 .debug_line    0x000003a2      0x1b5 EEPROM_program.o
 .debug_line    0x00000557      0x2ae EWH.o
 .debug_line    0x00000805      0x165 EXTI_program.o
 .debug_line    0x0000096a      0x303 main.o
 .debug_line    0x00000c6d      0x2a4 SSD_program.o
 .debug_line    0x00000f11      0x168 TMR_program.o
 .debug_line    0x00001079      0x1ea TWI_program.o

.debug_frame    0x00000000      0x430
 *(.debug_frame)
 .debug_frame   0x00000000       0x34 ADC_program.o
 .debug_frame   0x00000034       0x64 DIO_program.o
 .debug_frame   0x00000098       0x58 EEPROM_program.o
 .debug_frame   0x000000f0       0x90 EWH.o
 .debug_frame   0x00000180       0x34 EXTI_program.o
 .debug_frame   0x000001b4       0x60 main.o
 .debug_frame   0x00000214       0xa0 SSD_program.o
 .debug_frame   0x000002b4       0xe8 TMR_program.o
 .debug_frame   0x0000039c       0x94 TWI_program.o

.debug_str      0x00000000      0x827
 *(.debug_str)
 .debug_str     0x00000000      0x196 C:/Program Files (x86)/Atmel/Studio/7.0/Packs/atmel/ATmega_DFP/1.6.364/gcc/dev/atmega32/avr5/crtatmega32.o
 .debug_str     0x00000196      0x16b ADC_program.o
                                0x192 (size before relaxing)
 .debug_str     0x00000301       0x99 DIO_program.o
                                0x1ec (size before relaxing)
 .debug_str     0x0000039a      0x16e EEPROM_program.o
                                0x2ce (size before relaxing)
 .debug_str     0x00000508      0x135 EWH.o
                                0x361 (size before relaxing)
 .debug_str     0x0000063d       0x5f EXTI_program.o
                                0x226 (size before relaxing)
 .debug_str     0x0000069c       0x31 main.o
                                0x2c9 (size before relaxing)
 .debug_str     0x000006cd       0x63 SSD_program.o
                                0x287 (size before relaxing)
 .debug_str     0x00000730       0xdb TMR_program.o
                                0x22e (size before relaxing)
 .debug_str     0x0000080b       0x1c TWI_program.o
                                0x238 (size before relaxing)

.debug_loc      0x00000000      0xe82
 *(.debug_loc)
 .debug_loc     0x00000000       0x21 ADC_program.o
 .debug_loc     0x00000021      0x318 DIO_program.o
 .debug_loc     0x00000339      0x1e9 EEPROM_program.o
 .debug_loc     0x00000522      0x1f7 EWH.o
 .debug_loc     0x00000719      0x155 EXTI_program.o
 .debug_loc     0x0000086e      0x1c8 main.o
 .debug_loc     0x00000a36      0x294 SSD_program.o
 .debug_loc     0x00000cca      0x121 TMR_program.o
 .debug_loc     0x00000deb       0x97 TWI_program.o

.debug_macinfo
 *(.debug_macinfo)

.debug_weaknames
 *(.debug_weaknames)

.debug_funcnames
 *(.debug_funcnames)

.debug_typenames
 *(.debug_typenames)

.debug_varnames
 *(.debug_varnames)

.debug_pubtypes
 *(.debug_pubtypes)

.debug_ranges   0x00000000      0x188
 *(.debug_ranges)
 .debug_ranges  0x00000000       0x18 ADC_program.o
 .debug_ranges  0x00000018       0x30 DIO_program.o
 .debug_ranges  0x00000048       0x18 EEPROM_program.o
 .debug_ranges  0x00000060       0x38 EWH.o
 .debug_ranges  0x00000098       0x18 EXTI_program.o
 .debug_ranges  0x000000b0       0x18 main.o
 .debug_ranges  0x000000c8       0x38 SSD_program.o
 .debug_ranges  0x00000100       0x40 TMR_program.o
 .debug_ranges  0x00000140       0x48 TWI_program.o

.debug_macro
 *(.debug_macro)
OUTPUT(graduation project.elf elf32-avr)
LOAD linker stubs
